// Jest Snapshot v1, https://goo.gl/fbAQLP

exports[`CliParser testParse: parserTarget 1`] = `
Arg1 {
  "numParam": 10,
  "opt": 1,
  "optInt": 100,
  "point": Object {
    "name": "n1",
    "x": 1,
    "y": 2,
  },
  "strParam": "abc",
}
`;

exports[`CliParser testParse: printUsage 1`] = `
"NAME: TestArg1 - This is a test arg1
DESCRIPTION
  Description of test Args
USAGE
  TestArg1 -o {opt} [-i {optInt}] <strParam> <numParam> [point]
EXAMPLES
  arg1 2
  arg1 4
ARGUMENTS / OPTIONS
  <strParam>:   Str parameter
  <numParam>:   number parameter
  <point>:      Object Point
  -o, --opt:    Opt: possibleValues:[VAL1,VAL2]
  -i, --optInt: 
"
`;

exports[`CliParser testParse: spec 1`] = `
CLISpec {
  "cls": [Function],
  "defVal": Arg1 {
    "opt": 0,
    "optInt": 10,
  },
  "description": "Description of test Args",
  "examples": Array [
    "arg1 2",
    "arg1 4",
  ],
  "firstOptionalIndex": 2,
  "indexedParams": Array [
    Param {
      "cls": [Function],
      "defVal": undefined,
      "description": "Str parameter",
      "index": 0,
      "key": "strParam",
      "name": "strParam",
      "type": [Function],
    },
    Param {
      "cls": [Function],
      "defVal": undefined,
      "description": "number parameter",
      "index": 1,
      "key": "numParam",
      "name": "numParam",
      "type": [Function],
    },
    Param {
      "cls": [Function],
      "defVal": undefined,
      "description": "Object Point",
      "index": 2,
      "key": "point",
      "name": "point",
      "required": false,
      "type": [Function],
    },
  ],
  "name": "TestArg1",
  "optionParams": Array [
    Param {
      "cls": [Function],
      "decoder": [Function],
      "defVal": 0,
      "description": "Opt: possibleValues:[VAL1,VAL2]",
      "key": "opt",
      "name": "opt",
      "required": true,
      "shortName": "o",
      "type": [Function],
    },
    Param {
      "cls": [Function],
      "defVal": 10,
      "key": "optInt",
      "name": "optInt",
      "shortName": "i",
      "type": [Function],
    },
  ],
  "requiredParams": Set {
    "strParam",
    "numParam",
    "opt",
  },
  "summary": "This is a test arg1",
}
`;

exports[`CliParser testParse: usage 1`] = `"TestArg1 -o {opt} [-i {optInt}] <strParam> <numParam> [point]"`;
